[0.047s] DEBUG:colcon:Command line arguments: ['/usr/bin/colcon', 'build', '--packages-select', 'orca_bringup']
[0.047s] DEBUG:colcon:Parsed command line arguments: Namespace(log_base=None, log_level=None, verb_name='build', build_base='build', install_base='install', merge_install=False, symlink_install=False, test_result_base=None, continue_on_error=False, executor='parallel', parallel_workers=32, event_handlers=None, ignore_user_meta=False, metas=['./colcon.meta'], base_paths=['.'], packages_ignore=None, packages_ignore_regex=None, paths=None, packages_up_to=None, packages_up_to_regex=None, packages_above=None, packages_above_and_dependencies=None, packages_above_depth=None, packages_select_by_dep=None, packages_skip_by_dep=None, packages_skip_up_to=None, packages_select_build_failed=False, packages_skip_build_finished=False, packages_select_test_failures=False, packages_skip_test_passed=False, packages_select=['orca_bringup'], packages_skip=None, packages_select_regex=None, packages_skip_regex=None, packages_start=None, packages_end=None, allow_overriding=[], cmake_args=None, cmake_target=None, cmake_target_skip_unavailable=False, cmake_clean_cache=False, cmake_clean_first=False, cmake_force_configure=False, ament_cmake_args=None, catkin_cmake_args=None, catkin_skip_building_tests=False, mixin_files=None, mixin=None, verb_parser=<colcon_mixin.mixin.mixin_argument.MixinArgumentDecorator object at 0x79f3ae949670>, verb_extension=<colcon_core.verb.build.BuildVerb object at 0x79f3aeac5bb0>, main=<bound method BuildVerb.main of <colcon_core.verb.build.BuildVerb object at 0x79f3aeac5bb0>>, mixin_verb=('build',))
[0.064s] Level 1:colcon.colcon_core.package_discovery:discover_packages(colcon_meta) check parameters
[0.064s] Level 1:colcon.colcon_core.package_discovery:discover_packages(recursive) check parameters
[0.064s] Level 1:colcon.colcon_core.package_discovery:discover_packages(ignore) check parameters
[0.064s] Level 1:colcon.colcon_core.package_discovery:discover_packages(path) check parameters
[0.064s] Level 1:colcon.colcon_core.package_discovery:discover_packages(colcon_meta) discover
[0.064s] Level 1:colcon.colcon_core.package_discovery:discover_packages(recursive) discover
[0.064s] INFO:colcon.colcon_core.package_discovery:Crawling recursively for packages in '/home/yasminnunes/workspace/ros2_ws/src/orca5'
[0.064s] Level 1:colcon.colcon_core.package_identification:_identify(.) by extensions ['ignore', 'ignore_ament_install']
[0.065s] Level 1:colcon.colcon_core.package_identification:_identify(.) by extension 'ignore'
[0.065s] Level 1:colcon.colcon_core.package_identification:_identify(.) by extension 'ignore_ament_install'
[0.065s] Level 1:colcon.colcon_core.package_identification:_identify(.) by extensions ['colcon_pkg']
[0.065s] Level 1:colcon.colcon_core.package_identification:_identify(.) by extension 'colcon_pkg'
[0.065s] Level 1:colcon.colcon_core.package_identification:_identify(.) by extensions ['colcon_meta']
[0.065s] Level 1:colcon.colcon_core.package_identification:_identify(.) by extension 'colcon_meta'
[0.065s] Level 1:colcon.colcon_core.package_identification:_identify(.) by extensions ['ros']
[0.065s] Level 1:colcon.colcon_core.package_identification:_identify(.) by extension 'ros'
[0.076s] Level 1:colcon.colcon_core.package_identification:_identify(.) by extensions ['cmake', 'python']
[0.077s] Level 1:colcon.colcon_core.package_identification:_identify(.) by extension 'cmake'
[0.077s] Level 1:colcon.colcon_core.package_identification:_identify(.) by extension 'python'
[0.077s] Level 1:colcon.colcon_core.package_identification:_identify(.) by extensions ['python_setup_py']
[0.077s] Level 1:colcon.colcon_core.package_identification:_identify(.) by extension 'python_setup_py'
[0.077s] Level 1:colcon.colcon_core.package_identification:_identify(build) by extensions ['ignore', 'ignore_ament_install']
[0.077s] Level 1:colcon.colcon_core.package_identification:_identify(build) by extension 'ignore'
[0.077s] Level 1:colcon.colcon_core.package_identification:_identify(build) ignored
[0.077s] Level 1:colcon.colcon_core.package_identification:_identify(docker) by extensions ['ignore', 'ignore_ament_install']
[0.077s] Level 1:colcon.colcon_core.package_identification:_identify(docker) by extension 'ignore'
[0.077s] Level 1:colcon.colcon_core.package_identification:_identify(docker) by extension 'ignore_ament_install'
[0.077s] Level 1:colcon.colcon_core.package_identification:_identify(docker) by extensions ['colcon_pkg']
[0.077s] Level 1:colcon.colcon_core.package_identification:_identify(docker) by extension 'colcon_pkg'
[0.077s] Level 1:colcon.colcon_core.package_identification:_identify(docker) by extensions ['colcon_meta']
[0.077s] Level 1:colcon.colcon_core.package_identification:_identify(docker) by extension 'colcon_meta'
[0.077s] Level 1:colcon.colcon_core.package_identification:_identify(docker) by extensions ['ros']
[0.077s] Level 1:colcon.colcon_core.package_identification:_identify(docker) by extension 'ros'
[0.077s] Level 1:colcon.colcon_core.package_identification:_identify(docker) by extensions ['cmake', 'python']
[0.077s] Level 1:colcon.colcon_core.package_identification:_identify(docker) by extension 'cmake'
[0.077s] Level 1:colcon.colcon_core.package_identification:_identify(docker) by extension 'python'
[0.077s] Level 1:colcon.colcon_core.package_identification:_identify(docker) by extensions ['python_setup_py']
[0.077s] Level 1:colcon.colcon_core.package_identification:_identify(docker) by extension 'python_setup_py'
[0.077s] Level 1:colcon.colcon_core.package_identification:_identify(images) by extensions ['ignore', 'ignore_ament_install']
[0.077s] Level 1:colcon.colcon_core.package_identification:_identify(images) by extension 'ignore'
[0.077s] Level 1:colcon.colcon_core.package_identification:_identify(images) by extension 'ignore_ament_install'
[0.077s] Level 1:colcon.colcon_core.package_identification:_identify(images) by extensions ['colcon_pkg']
[0.077s] Level 1:colcon.colcon_core.package_identification:_identify(images) by extension 'colcon_pkg'
[0.077s] Level 1:colcon.colcon_core.package_identification:_identify(images) by extensions ['colcon_meta']
[0.077s] Level 1:colcon.colcon_core.package_identification:_identify(images) by extension 'colcon_meta'
[0.077s] Level 1:colcon.colcon_core.package_identification:_identify(images) by extensions ['ros']
[0.077s] Level 1:colcon.colcon_core.package_identification:_identify(images) by extension 'ros'
[0.077s] Level 1:colcon.colcon_core.package_identification:_identify(images) by extensions ['cmake', 'python']
[0.077s] Level 1:colcon.colcon_core.package_identification:_identify(images) by extension 'cmake'
[0.077s] Level 1:colcon.colcon_core.package_identification:_identify(images) by extension 'python'
[0.077s] Level 1:colcon.colcon_core.package_identification:_identify(images) by extensions ['python_setup_py']
[0.077s] Level 1:colcon.colcon_core.package_identification:_identify(images) by extension 'python_setup_py'
[0.077s] Level 1:colcon.colcon_core.package_identification:_identify(install) by extensions ['ignore', 'ignore_ament_install']
[0.077s] Level 1:colcon.colcon_core.package_identification:_identify(install) by extension 'ignore'
[0.077s] Level 1:colcon.colcon_core.package_identification:_identify(install) ignored
[0.077s] Level 1:colcon.colcon_core.package_identification:_identify(log) by extensions ['ignore', 'ignore_ament_install']
[0.077s] Level 1:colcon.colcon_core.package_identification:_identify(log) by extension 'ignore'
[0.077s] Level 1:colcon.colcon_core.package_identification:_identify(log) ignored
[0.077s] Level 1:colcon.colcon_core.package_identification:_identify(lua_scripts) by extensions ['ignore', 'ignore_ament_install']
[0.077s] Level 1:colcon.colcon_core.package_identification:_identify(lua_scripts) by extension 'ignore'
[0.077s] Level 1:colcon.colcon_core.package_identification:_identify(lua_scripts) by extension 'ignore_ament_install'
[0.077s] Level 1:colcon.colcon_core.package_identification:_identify(lua_scripts) by extensions ['colcon_pkg']
[0.077s] Level 1:colcon.colcon_core.package_identification:_identify(lua_scripts) by extension 'colcon_pkg'
[0.077s] Level 1:colcon.colcon_core.package_identification:_identify(lua_scripts) by extensions ['colcon_meta']
[0.077s] Level 1:colcon.colcon_core.package_identification:_identify(lua_scripts) by extension 'colcon_meta'
[0.078s] Level 1:colcon.colcon_core.package_identification:_identify(lua_scripts) by extensions ['ros']
[0.078s] Level 1:colcon.colcon_core.package_identification:_identify(lua_scripts) by extension 'ros'
[0.078s] Level 1:colcon.colcon_core.package_identification:_identify(lua_scripts) by extensions ['cmake', 'python']
[0.078s] Level 1:colcon.colcon_core.package_identification:_identify(lua_scripts) by extension 'cmake'
[0.078s] Level 1:colcon.colcon_core.package_identification:_identify(lua_scripts) by extension 'python'
[0.078s] Level 1:colcon.colcon_core.package_identification:_identify(lua_scripts) by extensions ['python_setup_py']
[0.078s] Level 1:colcon.colcon_core.package_identification:_identify(lua_scripts) by extension 'python_setup_py'
[0.078s] Level 1:colcon.colcon_core.package_identification:_identify(orca_base) by extensions ['ignore', 'ignore_ament_install']
[0.078s] Level 1:colcon.colcon_core.package_identification:_identify(orca_base) by extension 'ignore'
[0.078s] Level 1:colcon.colcon_core.package_identification:_identify(orca_base) by extension 'ignore_ament_install'
[0.078s] Level 1:colcon.colcon_core.package_identification:_identify(orca_base) by extensions ['colcon_pkg']
[0.078s] Level 1:colcon.colcon_core.package_identification:_identify(orca_base) by extension 'colcon_pkg'
[0.078s] Level 1:colcon.colcon_core.package_identification:_identify(orca_base) by extensions ['colcon_meta']
[0.078s] Level 1:colcon.colcon_core.package_identification:_identify(orca_base) by extension 'colcon_meta'
[0.078s] Level 1:colcon.colcon_core.package_identification:_identify(orca_base) by extensions ['ros']
[0.078s] Level 1:colcon.colcon_core.package_identification:_identify(orca_base) by extension 'ros'
[0.079s] DEBUG:colcon.colcon_core.package_identification:Package 'orca_base' with type 'ros.ament_cmake' and name 'orca_base'
[0.079s] Level 1:colcon.colcon_core.package_identification:_identify(orca_bridge) by extensions ['ignore', 'ignore_ament_install']
[0.079s] Level 1:colcon.colcon_core.package_identification:_identify(orca_bridge) by extension 'ignore'
[0.079s] Level 1:colcon.colcon_core.package_identification:_identify(orca_bridge) by extension 'ignore_ament_install'
[0.079s] Level 1:colcon.colcon_core.package_identification:_identify(orca_bridge) by extensions ['colcon_pkg']
[0.079s] Level 1:colcon.colcon_core.package_identification:_identify(orca_bridge) by extension 'colcon_pkg'
[0.079s] Level 1:colcon.colcon_core.package_identification:_identify(orca_bridge) by extensions ['colcon_meta']
[0.079s] Level 1:colcon.colcon_core.package_identification:_identify(orca_bridge) by extension 'colcon_meta'
[0.079s] Level 1:colcon.colcon_core.package_identification:_identify(orca_bridge) by extensions ['ros']
[0.079s] Level 1:colcon.colcon_core.package_identification:_identify(orca_bridge) by extension 'ros'
[0.080s] DEBUG:colcon.colcon_core.package_identification:Package 'orca_bridge' with type 'ros.ament_cmake' and name 'orca_bridge'
[0.080s] Level 1:colcon.colcon_core.package_identification:_identify(orca_bringup) by extensions ['ignore', 'ignore_ament_install']
[0.080s] Level 1:colcon.colcon_core.package_identification:_identify(orca_bringup) by extension 'ignore'
[0.080s] Level 1:colcon.colcon_core.package_identification:_identify(orca_bringup) by extension 'ignore_ament_install'
[0.080s] Level 1:colcon.colcon_core.package_identification:_identify(orca_bringup) by extensions ['colcon_pkg']
[0.080s] Level 1:colcon.colcon_core.package_identification:_identify(orca_bringup) by extension 'colcon_pkg'
[0.080s] Level 1:colcon.colcon_core.package_identification:_identify(orca_bringup) by extensions ['colcon_meta']
[0.080s] Level 1:colcon.colcon_core.package_identification:_identify(orca_bringup) by extension 'colcon_meta'
[0.080s] Level 1:colcon.colcon_core.package_identification:_identify(orca_bringup) by extensions ['ros']
[0.080s] Level 1:colcon.colcon_core.package_identification:_identify(orca_bringup) by extension 'ros'
[0.080s] DEBUG:colcon.colcon_core.package_identification:Package 'orca_bringup' with type 'ros.ament_cmake' and name 'orca_bringup'
[0.080s] Level 1:colcon.colcon_core.package_identification:_identify(orca_msgs) by extensions ['ignore', 'ignore_ament_install']
[0.080s] Level 1:colcon.colcon_core.package_identification:_identify(orca_msgs) by extension 'ignore'
[0.080s] Level 1:colcon.colcon_core.package_identification:_identify(orca_msgs) by extension 'ignore_ament_install'
[0.080s] Level 1:colcon.colcon_core.package_identification:_identify(orca_msgs) by extensions ['colcon_pkg']
[0.080s] Level 1:colcon.colcon_core.package_identification:_identify(orca_msgs) by extension 'colcon_pkg'
[0.080s] Level 1:colcon.colcon_core.package_identification:_identify(orca_msgs) by extensions ['colcon_meta']
[0.080s] Level 1:colcon.colcon_core.package_identification:_identify(orca_msgs) by extension 'colcon_meta'
[0.081s] Level 1:colcon.colcon_core.package_identification:_identify(orca_msgs) by extensions ['ros']
[0.081s] Level 1:colcon.colcon_core.package_identification:_identify(orca_msgs) by extension 'ros'
[0.081s] DEBUG:colcon.colcon_core.package_identification:Package 'orca_msgs' with type 'ros.ament_cmake' and name 'orca_msgs'
[0.081s] Level 1:colcon.colcon_core.package_identification:_identify(orca_nav2) by extensions ['ignore', 'ignore_ament_install']
[0.081s] Level 1:colcon.colcon_core.package_identification:_identify(orca_nav2) by extension 'ignore'
[0.081s] Level 1:colcon.colcon_core.package_identification:_identify(orca_nav2) by extension 'ignore_ament_install'
[0.081s] Level 1:colcon.colcon_core.package_identification:_identify(orca_nav2) by extensions ['colcon_pkg']
[0.081s] Level 1:colcon.colcon_core.package_identification:_identify(orca_nav2) by extension 'colcon_pkg'
[0.081s] Level 1:colcon.colcon_core.package_identification:_identify(orca_nav2) by extensions ['colcon_meta']
[0.081s] Level 1:colcon.colcon_core.package_identification:_identify(orca_nav2) by extension 'colcon_meta'
[0.081s] Level 1:colcon.colcon_core.package_identification:_identify(orca_nav2) by extensions ['ros']
[0.081s] Level 1:colcon.colcon_core.package_identification:_identify(orca_nav2) by extension 'ros'
[0.081s] DEBUG:colcon.colcon_core.package_identification:Package 'orca_nav2' with type 'ros.ament_cmake' and name 'orca_nav2'
[0.082s] Level 1:colcon.colcon_core.package_identification:_identify(orca_shared) by extensions ['ignore', 'ignore_ament_install']
[0.082s] Level 1:colcon.colcon_core.package_identification:_identify(orca_shared) by extension 'ignore'
[0.082s] Level 1:colcon.colcon_core.package_identification:_identify(orca_shared) by extension 'ignore_ament_install'
[0.082s] Level 1:colcon.colcon_core.package_identification:_identify(orca_shared) by extensions ['colcon_pkg']
[0.082s] Level 1:colcon.colcon_core.package_identification:_identify(orca_shared) by extension 'colcon_pkg'
[0.082s] Level 1:colcon.colcon_core.package_identification:_identify(orca_shared) by extensions ['colcon_meta']
[0.082s] Level 1:colcon.colcon_core.package_identification:_identify(orca_shared) by extension 'colcon_meta'
[0.082s] Level 1:colcon.colcon_core.package_identification:_identify(orca_shared) by extensions ['ros']
[0.082s] Level 1:colcon.colcon_core.package_identification:_identify(orca_shared) by extension 'ros'
[0.082s] DEBUG:colcon.colcon_core.package_identification:Package 'orca_shared' with type 'ros.ament_cmake' and name 'orca_shared'
[0.082s] Level 1:colcon.colcon_core.package_identification:_identify(voris_base) by extensions ['ignore', 'ignore_ament_install']
[0.082s] Level 1:colcon.colcon_core.package_identification:_identify(voris_base) by extension 'ignore'
[0.082s] Level 1:colcon.colcon_core.package_identification:_identify(voris_base) by extension 'ignore_ament_install'
[0.082s] Level 1:colcon.colcon_core.package_identification:_identify(voris_base) by extensions ['colcon_pkg']
[0.082s] Level 1:colcon.colcon_core.package_identification:_identify(voris_base) by extension 'colcon_pkg'
[0.082s] Level 1:colcon.colcon_core.package_identification:_identify(voris_base) by extensions ['colcon_meta']
[0.082s] Level 1:colcon.colcon_core.package_identification:_identify(voris_base) by extension 'colcon_meta'
[0.082s] Level 1:colcon.colcon_core.package_identification:_identify(voris_base) by extensions ['ros']
[0.082s] Level 1:colcon.colcon_core.package_identification:_identify(voris_base) by extension 'ros'
[0.083s] DEBUG:colcon.colcon_core.package_identification:Package 'voris_base' with type 'ros.ament_cmake' and name 'voris_base'
[0.083s] Level 1:colcon.colcon_core.package_discovery:discover_packages(recursive) using defaults
[0.083s] Level 1:colcon.colcon_core.package_discovery:discover_packages(ignore) discover
[0.083s] Level 1:colcon.colcon_core.package_discovery:discover_packages(ignore) using defaults
[0.083s] Level 1:colcon.colcon_core.package_discovery:discover_packages(path) discover
[0.083s] Level 1:colcon.colcon_core.package_discovery:discover_packages(path) using defaults
[0.092s] INFO:colcon.colcon_core.package_selection:Skipping not selected package 'orca_msgs' in 'orca_msgs'
[0.092s] INFO:colcon.colcon_core.package_selection:Skipping not selected package 'voris_base' in 'voris_base'
[0.092s] INFO:colcon.colcon_core.package_selection:Skipping not selected package 'orca_bridge' in 'orca_bridge'
[0.092s] INFO:colcon.colcon_core.package_selection:Skipping not selected package 'orca_shared' in 'orca_shared'
[0.092s] INFO:colcon.colcon_core.package_selection:Skipping not selected package 'orca_base' in 'orca_base'
[0.092s] INFO:colcon.colcon_core.package_selection:Skipping not selected package 'orca_nav2' in 'orca_nav2'
[0.092s] Level 1:colcon.colcon_core.package_discovery:discover_packages(prefix_path) check parameters
[0.092s] Level 1:colcon.colcon_core.package_discovery:discover_packages(prefix_path) discover
[0.093s] DEBUG:colcon.colcon_installed_package_information.package_discovery:Found 344 installed packages in /opt/ros/jazzy
[0.094s] Level 1:colcon.colcon_core.package_discovery:discover_packages(prefix_path) using defaults
[0.111s] Level 5:colcon.colcon_core.verb:set package 'orca_bringup' build argument 'cmake_args' from command line to 'None'
[0.111s] Level 5:colcon.colcon_core.verb:set package 'orca_bringup' build argument 'cmake_target' from command line to 'None'
[0.111s] Level 5:colcon.colcon_core.verb:set package 'orca_bringup' build argument 'cmake_target_skip_unavailable' from command line to 'False'
[0.111s] Level 5:colcon.colcon_core.verb:set package 'orca_bringup' build argument 'cmake_clean_cache' from command line to 'False'
[0.111s] Level 5:colcon.colcon_core.verb:set package 'orca_bringup' build argument 'cmake_clean_first' from command line to 'False'
[0.111s] Level 5:colcon.colcon_core.verb:set package 'orca_bringup' build argument 'cmake_force_configure' from command line to 'False'
[0.111s] Level 5:colcon.colcon_core.verb:set package 'orca_bringup' build argument 'ament_cmake_args' from command line to 'None'
[0.111s] Level 5:colcon.colcon_core.verb:set package 'orca_bringup' build argument 'catkin_cmake_args' from command line to 'None'
[0.111s] Level 5:colcon.colcon_core.verb:set package 'orca_bringup' build argument 'catkin_skip_building_tests' from command line to 'False'
[0.111s] DEBUG:colcon.colcon_core.verb:Building package 'orca_bringup' with the following arguments: {'ament_cmake_args': None, 'build_base': '/home/yasminnunes/workspace/ros2_ws/src/orca5/build/orca_bringup', 'catkin_cmake_args': None, 'catkin_skip_building_tests': False, 'cmake_args': None, 'cmake_clean_cache': False, 'cmake_clean_first': False, 'cmake_force_configure': False, 'cmake_target': None, 'cmake_target_skip_unavailable': False, 'install_base': '/home/yasminnunes/workspace/ros2_ws/src/orca5/install/orca_bringup', 'merge_install': False, 'path': '/home/yasminnunes/workspace/ros2_ws/src/orca5/orca_bringup', 'symlink_install': False, 'test_result_base': None}
[0.111s] INFO:colcon.colcon_core.executor:Executing jobs using 'parallel' executor
[0.111s] DEBUG:colcon.colcon_parallel_executor.executor.parallel:run_until_complete
[0.111s] INFO:colcon.colcon_ros.task.ament_cmake.build:Building ROS package in '/home/yasminnunes/workspace/ros2_ws/src/orca5/orca_bringup' with build type 'ament_cmake'
[0.111s] INFO:colcon.colcon_cmake.task.cmake.build:Building CMake package in '/home/yasminnunes/workspace/ros2_ws/src/orca5/orca_bringup'
[0.112s] INFO:colcon.colcon_core.plugin_system:Skipping extension 'colcon_core.shell.bat': Not used on non-Windows systems
[0.112s] INFO:colcon.colcon_core.shell:Skip shell extension 'powershell' for command environment: Not usable outside of PowerShell
[0.112s] DEBUG:colcon.colcon_core.shell:Skip shell extension 'dsv' for command environment
[0.113s] ERROR:colcon.colcon_cmake.task.cmake.build:Failed to find the following files:
- /home/yasminnunes/workspace/ros2_ws/src/orca5/install/orca_msgs/share/orca_msgs/package.sh
- /home/yasminnunes/workspace/ros2_ws/src/orca5/install/orca_bridge/share/orca_bridge/package.sh
Check that the following packages have been built:
- orca_msgs
- orca_bridge
[0.113s] Level 1:colcon.colcon_core.environment:create_environment_scripts_only(orca_bringup)
[0.114s] Level 1:colcon.colcon_core.environment:checking '/home/yasminnunes/workspace/ros2_ws/src/orca5/install/orca_bringup' for CMake module files
[0.114s] Level 1:colcon.colcon_core.environment:checking '/home/yasminnunes/workspace/ros2_ws/src/orca5/install/orca_bringup' for CMake config files
[0.114s] Level 1:colcon.colcon_core.environment:checking '/home/yasminnunes/workspace/ros2_ws/src/orca5/install/orca_bringup/bin'
[0.114s] Level 1:colcon.colcon_core.environment:checking '/home/yasminnunes/workspace/ros2_ws/src/orca5/install/orca_bringup/lib/pkgconfig/orca_bringup.pc'
[0.115s] Level 1:colcon.colcon_core.environment:checking '/home/yasminnunes/workspace/ros2_ws/src/orca5/install/orca_bringup/lib/python3.12/site-packages'
[0.115s] Level 1:colcon.colcon_core.environment:checking '/home/yasminnunes/workspace/ros2_ws/src/orca5/install/orca_bringup/bin'
[0.115s] INFO:colcon.colcon_core.shell:Creating package script '/home/yasminnunes/workspace/ros2_ws/src/orca5/install/orca_bringup/share/orca_bringup/package.ps1'
[0.115s] INFO:colcon.colcon_core.shell:Creating package descriptor '/home/yasminnunes/workspace/ros2_ws/src/orca5/install/orca_bringup/share/orca_bringup/package.dsv'
[0.115s] INFO:colcon.colcon_core.shell:Creating package script '/home/yasminnunes/workspace/ros2_ws/src/orca5/install/orca_bringup/share/orca_bringup/package.sh'
[0.116s] INFO:colcon.colcon_core.shell:Creating package script '/home/yasminnunes/workspace/ros2_ws/src/orca5/install/orca_bringup/share/orca_bringup/package.bash'
[0.116s] INFO:colcon.colcon_core.shell:Creating package script '/home/yasminnunes/workspace/ros2_ws/src/orca5/install/orca_bringup/share/orca_bringup/package.zsh'
[0.116s] Level 1:colcon.colcon_core.environment:create_file_with_runtime_dependencies(/home/yasminnunes/workspace/ros2_ws/src/orca5/install/orca_bringup/share/colcon-core/packages/orca_bringup)
[0.126s] DEBUG:colcon.colcon_parallel_executor.executor.parallel:closing loop
[0.126s] DEBUG:colcon.colcon_parallel_executor.executor.parallel:loop closed
[0.126s] DEBUG:colcon.colcon_parallel_executor.executor.parallel:run_until_complete finished with '1'
[0.126s] DEBUG:colcon.colcon_core.event_reactor:joining thread
[0.130s] INFO:colcon.colcon_core.plugin_system:Skipping extension 'colcon_notification.desktop_notification.terminal_notifier': Not used on non-Darwin systems
[0.130s] INFO:colcon.colcon_core.plugin_system:Skipping extension 'colcon_notification.desktop_notification.win32': Not used on non-Windows systems
[0.130s] INFO:colcon.colcon_notification.desktop_notification:Sending desktop notification using 'notify2'
[0.140s] DEBUG:colcon.colcon_core.event_reactor:joined thread
[0.140s] INFO:colcon.colcon_core.shell:Creating prefix script '/home/yasminnunes/workspace/ros2_ws/src/orca5/install/local_setup.ps1'
[0.141s] INFO:colcon.colcon_core.shell:Creating prefix util module '/home/yasminnunes/workspace/ros2_ws/src/orca5/install/_local_setup_util_ps1.py'
[0.141s] INFO:colcon.colcon_core.shell:Creating prefix chain script '/home/yasminnunes/workspace/ros2_ws/src/orca5/install/setup.ps1'
[0.141s] INFO:colcon.colcon_core.shell:Creating prefix script '/home/yasminnunes/workspace/ros2_ws/src/orca5/install/local_setup.sh'
[0.142s] INFO:colcon.colcon_core.shell:Creating prefix util module '/home/yasminnunes/workspace/ros2_ws/src/orca5/install/_local_setup_util_sh.py'
[0.142s] INFO:colcon.colcon_core.shell:Creating prefix chain script '/home/yasminnunes/workspace/ros2_ws/src/orca5/install/setup.sh'
[0.142s] INFO:colcon.colcon_core.shell:Creating prefix script '/home/yasminnunes/workspace/ros2_ws/src/orca5/install/local_setup.bash'
[0.142s] INFO:colcon.colcon_core.shell:Creating prefix chain script '/home/yasminnunes/workspace/ros2_ws/src/orca5/install/setup.bash'
[0.143s] INFO:colcon.colcon_core.shell:Creating prefix script '/home/yasminnunes/workspace/ros2_ws/src/orca5/install/local_setup.zsh'
[0.143s] INFO:colcon.colcon_core.shell:Creating prefix chain script '/home/yasminnunes/workspace/ros2_ws/src/orca5/install/setup.zsh'
